MO shiftreg16_out NULL shiftreg16_out.v vlg7A/shiftreg16__out.bin 1527018489
MO TopMod_spi NULL TopMod_spi.v vlg6E/_top_mod__spi.bin 1527018489
MO rategen NULL rategen.v vlg12/rategen.bin 1527018489
MO APB_interface NULL APB_interface.v vlg57/_a_p_b__interface.bin 1527018489
MO control NULL control.v vlg61/control.bin 1527018489
MO TopModule NULL TopModule.v vlg79/_top_module.bin 1527018489
MO shiftreg16_in NULL shiftreg16_in.v vlg29/shiftreg16__in.bin 1527018489
